
分配公共符号
公共符号            大小              文件

idt_ptr             0x6               kernel/global.o
currentSleep        0x4               kernel/global.o
task_stack          0x38000           kernel/global.o
k_reenter           0x4               kernel/global.o
gdt                 0x400             kernel/global.o
tty_table           0xc30             kernel/global.o
tss                 0x68              kernel/global.o
customers           0x30              kernel/global.o
nr_current_console  0x4               kernel/global.o
mutex               0x30              kernel/global.o
disp_pos            0x4               kernel/global.o
gdt_ptr             0x6               kernel/global.o
idt                 0x800             kernel/global.o
ticks               0x4               kernel/global.o
console_table       0x30              kernel/global.o
irq_table           0x40              kernel/global.o
p_proc_ready        0x4               kernel/global.o
proc_table          0x436             kernel/global.o
barbers             0x30              kernel/global.o

Discarded input sections

 .note.GNU-stack
                0x0000000000000000        0x0 kernel/start.o
 .note.GNU-stack
                0x0000000000000000        0x0 kernel/main.o
 .note.GNU-stack
                0x0000000000000000        0x0 kernel/clock.o
 .note.GNU-stack
                0x0000000000000000        0x0 kernel/keyboard.o
 .note.GNU-stack
                0x0000000000000000        0x0 kernel/tty.o
 .note.GNU-stack
                0x0000000000000000        0x0 kernel/console.o
 .note.GNU-stack
                0x0000000000000000        0x0 kernel/i8259.o
 .note.GNU-stack
                0x0000000000000000        0x0 kernel/global.o
 .note.GNU-stack
                0x0000000000000000        0x0 kernel/protect.o
 .note.GNU-stack
                0x0000000000000000        0x0 kernel/proc.o
 .note.GNU-stack
                0x0000000000000000        0x0 kernel/systask.o
 .note.GNU-stack
                0x0000000000000000        0x0 kernel/printf.o
 .note.GNU-stack
                0x0000000000000000        0x0 kernel/vsprintf.o
 .note.GNU-stack
                0x0000000000000000        0x0 lib/klib.o
 .note.GNU-stack
                0x0000000000000000        0x0 lib/misc.o

内存配置

名称           来源             长度             属性
*default*        0x0000000000000000 0xffffffffffffffff

Linker script and memory map

段 .text 的地址设置为 0x30400
LOAD kernel/kernel.o
LOAD kernel/syscall.o
LOAD kernel/start.o
LOAD kernel/main.o
LOAD kernel/clock.o
LOAD kernel/keyboard.o
LOAD kernel/tty.o
LOAD kernel/console.o
LOAD kernel/i8259.o
LOAD kernel/global.o
LOAD kernel/protect.o
LOAD kernel/proc.o
LOAD kernel/systask.o
LOAD kernel/printf.o
LOAD kernel/vsprintf.o
LOAD lib/kliba.o
LOAD lib/klib.o
LOAD lib/string.o
LOAD lib/misc.o
                [!provide]                        PROVIDE (__executable_start, 0x8048000)
                0x0000000008048094                . = (0x8048000 + SIZEOF_HEADERS)

.interp
 *(.interp)

.note.gnu.build-id
 *(.note.gnu.build-id)

.hash
 *(.hash)

.gnu.hash
 *(.gnu.hash)

.dynsym
 *(.dynsym)

.dynstr
 *(.dynstr)

.gnu.version
 *(.gnu.version)

.gnu.version_d
 *(.gnu.version_d)

.gnu.version_r
 *(.gnu.version_r)

.rel.dyn        0x0000000008048094        0x0
 *(.rel.init)
 *(.rel.text .rel.text.* .rel.gnu.linkonce.t.*)
 .rel.text      0x0000000008048094        0x0 kernel/kernel.o
 *(.rel.fini)
 *(.rel.rodata .rel.rodata.* .rel.gnu.linkonce.r.*)
 *(.rel.data.rel.ro .rel.data.rel.ro.* .rel.gnu.linkonce.d.rel.ro.*)
 *(.rel.data .rel.data.* .rel.gnu.linkonce.d.*)
 .rel.data      0x0000000008048094        0x0 kernel/kernel.o
 *(.rel.tdata .rel.tdata.* .rel.gnu.linkonce.td.*)
 *(.rel.tbss .rel.tbss.* .rel.gnu.linkonce.tb.*)
 *(.rel.ctors)
 *(.rel.dtors)
 *(.rel.got)
 *(.rel.bss .rel.bss.* .rel.gnu.linkonce.b.*)
 *(.rel.ifunc)

.rel.plt        0x0000000008048094        0x0
 *(.rel.plt)
                [!provide]                        PROVIDE (__rel_iplt_start, .)
 *(.rel.iplt)
 .rel.iplt      0x0000000008048094        0x0 kernel/kernel.o
                [!provide]                        PROVIDE (__rel_iplt_end, .)

.init
 *(SORT(.init))

.plt            0x00000000080480a0        0x0
 *(.plt)
 *(.iplt)
 .iplt          0x00000000080480a0        0x0 kernel/kernel.o

.text           0x0000000000030400     0x435a
 *(.text.unlikely .text.*_unlikely .text.unlikely.*)
 *(.text.exit .text.exit.*)
 *(.text.startup .text.startup.*)
 *(.text.hot .text.hot.*)
 *(.text .stub .text.* .gnu.linkonce.t.*)
 .text          0x0000000000030400      0x417 kernel/kernel.o
                0x0000000000030400                _start
                0x0000000000030440                hwint00
                0x0000000000030470                hwint01
                0x00000000000304a0                hwint02
                0x00000000000304d0                hwint03
                0x0000000000030500                hwint04
                0x0000000000030530                hwint05
                0x0000000000030560                hwint06
                0x0000000000030590                hwint07
                0x00000000000305c0                hwint08
                0x00000000000305e0                hwint09
                0x0000000000030600                hwint10
                0x0000000000030620                hwint11
                0x0000000000030640                hwint12
                0x0000000000030660                hwint13
                0x0000000000030680                hwint14
                0x00000000000306a0                hwint15
                0x00000000000306b1                divide_error
                0x00000000000306c0                single_step_exception
                0x00000000000306cf                nmi
                0x00000000000306de                breakpoint_exception
                0x00000000000306ed                overflow
                0x00000000000306fc                bounds_check
                0x000000000003070b                inval_opcode
                0x000000000003071a                copr_not_available
                0x0000000000030729                double_fault
                0x0000000000030733                copr_seg_overrun
                0x0000000000030742                inval_tss
                0x000000000003074c                segment_not_present
                0x0000000000030756                stack_exception
                0x0000000000030760                general_protection
                0x000000000003076a                page_fault
                0x0000000000030774                copr_error
                0x00000000000307cc                sys_call
                0x00000000000307ef                restart
 *fill*         0x0000000000030817        0x9 
 .text          0x0000000000030820       0x44 kernel/syscall.o
                0x0000000000030820                sendrec
                0x0000000000030834                printx
                0x0000000000030840                sleep
                0x000000000003084c                p
                0x0000000000030858                v
 .text          0x0000000000030864       0x94 kernel/start.o
                0x0000000000030864                cstart
 .text          0x00000000000308f8      0x80d kernel/main.o
                0x00000000000308f8                sys_tem_p
                0x0000000000030943                sys_tem_v
                0x00000000000309b3                kernel_main
                0x0000000000030c7e                get_ticks
                0x0000000000030cb2                getProcSleepTicks
                0x0000000000030ce6                goToSleep
                0x0000000000030d15                TestA
                0x0000000000030d1a                TestB
                0x0000000000030d9c                TestC
                0x0000000000030ea7                TestD
                0x0000000000030fb2                TestE
                0x00000000000310bd                panic
 .text          0x0000000000031105       0xd1 kernel/clock.o
                0x0000000000031105                clock_handler
                0x0000000000031146                milli_delay
                0x000000000003117f                init_clock
 .text          0x00000000000311d6      0x640 kernel/keyboard.o
                0x00000000000311d6                keyboard_handler
                0x0000000000031233                init_keyboard
                0x000000000003129b                keyboard_read
 .text          0x0000000000031816      0x558 kernel/tty.o
                0x0000000000031816                task_tty
                0x0000000000031913                in_process
                0x0000000000031b70                tty_write
                0x0000000000031bb5                sys_printx
 .text          0x0000000000031d6e      0x52f kernel/console.o
                0x0000000000031d6e                init_screen
                0x0000000000031ee0                is_current_console
                0x0000000000031efb                out_char
                0x00000000000321fe                select_console
                0x0000000000032233                scroll_screen
 .text          0x000000000003229d      0x12d kernel/i8259.o
                0x000000000003229d                init_8259A
                0x0000000000032371                spurious_irq
                0x00000000000323a7                put_irq_handler
 .text          0x00000000000323ca        0x0 kernel/global.o
 .text          0x00000000000323ca      0x610 kernel/protect.o
                0x00000000000323ca                init_prot
                0x00000000000327e5                seg2phys
                0x00000000000328a0                exception_handler
 .text          0x00000000000329da     0x16a2 kernel/proc.o
                0x00000000000329da                isSleeping
                0x00000000000329f0                setSleep_ticks
                0x0000000000032a01                adjustSleep_ticks
                0x0000000000032a2a                sys_process_sleep
                0x0000000000032a63                schedule
                0x0000000000032b56                sys_sendrec
                0x0000000000032c77                send_recv
                0x0000000000032d33                ldt_seg_linear
                0x0000000000032d7d                va2la
                0x0000000000032dde                reset_msg
                0x0000000000033bcd                dump_proc
                0x0000000000033f70                dump_msg
 .text          0x000000000003407c       0x83 kernel/systask.o
                0x000000000003407c                task_sys
 .text          0x00000000000340ff       0x50 kernel/printf.o
                0x00000000000340ff                printf
 .text          0x000000000003414f      0x305 kernel/vsprintf.o
                0x00000000000341ad                vsprintf
                0x000000000003442e                sprintf
 *fill*         0x0000000000034454        0xc 
 .text          0x0000000000034460       0xfd lib/kliba.o
                0x0000000000034460                disp_str
                0x00000000000344a7                disp_color_str
                0x00000000000344ef                out_byte
                0x00000000000344fb                in_byte
                0x0000000000034505                disable_irq
                0x000000000003453a                enable_irq
                0x0000000000034559                disable_int
                0x000000000003455b                enable_int
 .text          0x000000000003455d      0x117 lib/klib.o
                0x000000000003455d                itoa
                0x0000000000034608                disp_int
                0x000000000003462e                delay
 *fill*         0x0000000000034674        0xc 
 .text          0x0000000000034680       0x87 lib/string.o
                0x0000000000034680                memcpy
                0x00000000000346af                memset
                0x00000000000346d6                strcpy
                0x00000000000346ee                strlen
 .text          0x0000000000034707       0x53 lib/misc.o
                0x0000000000034707                spin
                0x0000000000034722                assertion_failure
 *(.gnu.warning)

.fini
 *(SORT(.fini))
                [!provide]                        PROVIDE (__etext, .)
                [!provide]                        PROVIDE (_etext, .)
                [!provide]                        PROVIDE (etext, .)

.rodata         0x0000000000034780      0xdf1
 *(.rodata .rodata.* .gnu.linkonce.r.*)
 .rodata        0x0000000000034780       0x47 kernel/start.o
 *fill*         0x00000000000347c7        0x1 
 .rodata        0x00000000000347c8       0xd8 kernel/main.o
 .rodata        0x00000000000348a0       0x64 kernel/keyboard.o
 .rodata        0x0000000000034904       0x90 kernel/tty.o
 .rodata        0x0000000000034994       0x11 kernel/i8259.o
 *fill*         0x00000000000349a5       0x1b 
 .rodata        0x00000000000349c0      0x540 kernel/protect.o
 .rodata        0x0000000000034f00      0x5fe kernel/proc.o
 .rodata        0x00000000000354fe       0x11 kernel/systask.o
 *fill*         0x000000000003550f        0x1 
 .rodata        0x0000000000035510       0x61 lib/misc.o

.rodata1
 *(.rodata1)

.eh_frame_hdr
 *(.eh_frame_hdr)

.eh_frame       0x0000000000035574      0x958
 *(.eh_frame)
 .eh_frame      0x0000000000035574       0x38 kernel/start.o
 .eh_frame      0x00000000000355ac      0x168 kernel/main.o
                                        0x180 (size before relaxing)
 .eh_frame      0x0000000000035714       0x60 kernel/clock.o
                                         0x78 (size before relaxing)
 .eh_frame      0x0000000000035774       0xe0 kernel/keyboard.o
                                         0xf8 (size before relaxing)
 .eh_frame      0x0000000000035854       0xfc kernel/tty.o
                                        0x114 (size before relaxing)
 .eh_frame      0x0000000000035950      0x100 kernel/console.o
                                        0x118 (size before relaxing)
 .eh_frame      0x0000000000035a50       0x60 kernel/i8259.o
                                         0x78 (size before relaxing)
 .eh_frame      0x0000000000035ab0       0xb0 kernel/protect.o
                                         0xc8 (size before relaxing)
 .eh_frame      0x0000000000035b60      0x234 kernel/proc.o
                                        0x24c (size before relaxing)
 .eh_frame      0x0000000000035d94       0x1c kernel/systask.o
                                         0x34 (size before relaxing)
 .eh_frame      0x0000000000035db0       0x20 kernel/printf.o
                                         0x38 (size before relaxing)
 .eh_frame      0x0000000000035dd0       0x60 kernel/vsprintf.o
                                         0x78 (size before relaxing)
 .eh_frame      0x0000000000035e30       0x60 lib/klib.o
                                         0x78 (size before relaxing)
 .eh_frame      0x0000000000035e90       0x3c lib/misc.o
                                         0x54 (size before relaxing)

.gcc_except_table
 *(.gcc_except_table .gcc_except_table.*)

.exception_ranges
 *(.exception_ranges .exception_ranges*)
                0x0000000000035ecc                . = (ALIGN (0x1000) - ((0x1000 - .) & 0xfff))
                0x0000000000036000                . = DATA_SEGMENT_ALIGN (0x1000, 0x1000)

.eh_frame
 *(.eh_frame)

.gcc_except_table
 *(.gcc_except_table .gcc_except_table.*)

.exception_ranges
 *(.exception_ranges .exception_ranges*)

.tdata
 *(.tdata .tdata.* .gnu.linkonce.td.*)

.tbss
 *(.tbss .tbss.* .gnu.linkonce.tb.*)
 *(.tcommon)

.preinit_array  0x0000000000036000        0x0
                [!provide]                        PROVIDE (__preinit_array_start, .)
 *(.preinit_array)
                [!provide]                        PROVIDE (__preinit_array_end, .)

.init_array     0x0000000000036000        0x0
                [!provide]                        PROVIDE (__init_array_start, .)
 *(SORT(.init_array.*) SORT(.ctors.*))
 *(.init_array EXCLUDE_FILE(*crtend?.o *crtend.o *crtbegin?.o *crtbegin.o) .ctors)
                [!provide]                        PROVIDE (__init_array_end, .)

.fini_array     0x0000000000036000        0x0
                [!provide]                        PROVIDE (__fini_array_start, .)
 *(SORT(.fini_array.*) SORT(.dtors.*))
 *(.fini_array EXCLUDE_FILE(*crtend?.o *crtend.o *crtbegin?.o *crtbegin.o) .dtors)
                [!provide]                        PROVIDE (__fini_array_end, .)

.ctors
 *crtbegin.o(.ctors)
 *crtbegin?.o(.ctors)
 *(EXCLUDE_FILE(*crtend?.o *crtend.o) .ctors)
 *(SORT(.ctors.*))
 *(.ctors)

.dtors
 *crtbegin.o(.dtors)
 *crtbegin?.o(.dtors)
 *(EXCLUDE_FILE(*crtend?.o *crtend.o) .dtors)
 *(SORT(.dtors.*))
 *(.dtors)

.jcr
 *(.jcr)

.data.rel.ro
 *(.data.rel.ro.local* .gnu.linkonce.d.rel.ro.local.*)
 *(.data.rel.ro .data.rel.ro.* .gnu.linkonce.d.rel.ro.*)

.dynamic
 *(.dynamic)

.got
 *(.got)
 *(.igot)
                0x0000000000036000                . = DATA_SEGMENT_RELRO_END (., (SIZEOF (.got.plt) >= 0xc)?0xc:0x0)

.got.plt        0x0000000000036000        0x0
 *(.got.plt)
 *(.igot.plt)
 .igot.plt      0x0000000000036000        0x0 kernel/kernel.o

.data           0x0000000000036000      0x7b8
 *(.data .data.* .gnu.linkonce.d.*)
 .data          0x0000000000036000        0x2 kernel/kernel.o
 .data          0x0000000000036002        0x0 kernel/start.o
 .data          0x0000000000036002        0x0 kernel/main.o
 .data          0x0000000000036002        0x0 kernel/clock.o
 *fill*         0x0000000000036002       0x3e 
 .data          0x0000000000036040      0x600 kernel/keyboard.o
                0x0000000000036040                keymap
 .data          0x0000000000036640        0x0 kernel/tty.o
 .data          0x0000000000036640        0x0 kernel/console.o
 .data          0x0000000000036640        0x0 kernel/i8259.o
 .data          0x0000000000036640      0x178 kernel/global.o
                0x0000000000036640                current_proc
                0x0000000000036680                task_table
                0x0000000000036700                user_proc_table
                0x00000000000367a0                sys_call_table
                0x00000000000367b4                CHAIR
 .data          0x00000000000367b8        0x0 kernel/protect.o
 .data          0x00000000000367b8        0x0 kernel/proc.o
 .data          0x00000000000367b8        0x0 kernel/systask.o
 .data          0x00000000000367b8        0x0 kernel/printf.o
 .data          0x00000000000367b8        0x0 kernel/vsprintf.o
 .data          0x00000000000367b8        0x0 lib/klib.o
 .data          0x00000000000367b8        0x0 lib/misc.o

.data1
 *(.data1)
                0x00000000000367b8                _edata = .
                [!provide]                        PROVIDE (edata, .)
                0x00000000000367b8                . = .
                0x00000000000367b8                __bss_start = .

.bss            0x00000000000367c0    0x3a7f0
 *(.dynbss)
 *(.bss .bss.* .gnu.linkonce.b.*)
 .bss           0x00000000000367c0      0x800 kernel/kernel.o
 .bss           0x0000000000036fc0        0x0 kernel/start.o
 .bss           0x0000000000036fc0        0x4 kernel/main.o
                0x0000000000036fc0                customerNum
 .bss           0x0000000000036fc4        0x0 kernel/clock.o
 *fill*         0x0000000000036fc4       0x1c 
 .bss           0x0000000000036fe0       0x58 kernel/keyboard.o
 .bss           0x0000000000037038        0x4 kernel/tty.o
                0x0000000000037038                to_clear
 .bss           0x000000000003703c        0x0 kernel/console.o
 .bss           0x000000000003703c        0x0 kernel/i8259.o
 .bss           0x000000000003703c        0x4 kernel/global.o
                0x000000000003703c                waiting
 .bss           0x0000000000037040        0x0 kernel/protect.o
 .bss           0x0000000000037040        0x4 kernel/proc.o
                0x0000000000037040                k
 .bss           0x0000000000037044        0x0 kernel/systask.o
 .bss           0x0000000000037044        0x0 kernel/printf.o
 .bss           0x0000000000037044        0x0 kernel/vsprintf.o
 .bss           0x0000000000037044        0x0 lib/klib.o
 .bss           0x0000000000037044        0x0 lib/misc.o
 *(COMMON)
 *fill*         0x0000000000037044       0x3c 
 COMMON         0x0000000000037080    0x39f30 kernel/global.o
                0x0000000000037080                idt_ptr
                0x0000000000037088                currentSleep
                0x00000000000370c0                task_stack
                0x000000000006f0c0                k_reenter
                0x000000000006f100                gdt
                0x000000000006f500                tty_table
                0x0000000000070140                tss
                0x00000000000701c0                customers
                0x00000000000701f0                nr_current_console
                0x0000000000070200                mutex
                0x0000000000070230                disp_pos
                0x0000000000070234                gdt_ptr
                0x0000000000070240                idt
                0x0000000000070a40                ticks
                0x0000000000070a60                console_table
                0x0000000000070ac0                irq_table
                0x0000000000070b00                p_proc_ready
                0x0000000000070b40                proc_table
                0x0000000000070f80                barbers
                0x0000000000070fb0                . = ALIGN ((. != 0x0)?0x4:0x1)
                0x0000000000070fb0                . = ALIGN (0x4)
                0x0000000000070fb0                . = SEGMENT_START ("ldata-segment", .)
                0x0000000000070fb0                . = ALIGN (0x4)
                0x0000000000070fb0                _end = .
                [!provide]                        PROVIDE (end, .)
                0x0000000000070fb0                . = DATA_SEGMENT_END (.)

.stab
 *(.stab)

.stabstr
 *(.stabstr)

.stab.excl
 *(.stab.excl)

.stab.exclstr
 *(.stab.exclstr)

.stab.index
 *(.stab.index)

.stab.indexstr
 *(.stab.indexstr)

.comment        0x0000000000000000       0x25
 *(.comment)
 .comment       0x0000000000000000       0x25 kernel/start.o
                                         0x26 (size before relaxing)
 .comment       0x0000000000000025       0x26 kernel/main.o
 .comment       0x0000000000000025       0x26 kernel/clock.o
 .comment       0x0000000000000025       0x26 kernel/keyboard.o
 .comment       0x0000000000000025       0x26 kernel/tty.o
 .comment       0x0000000000000025       0x26 kernel/console.o
 .comment       0x0000000000000025       0x26 kernel/i8259.o
 .comment       0x0000000000000025       0x26 kernel/global.o
 .comment       0x0000000000000025       0x26 kernel/protect.o
 .comment       0x0000000000000025       0x26 kernel/proc.o
 .comment       0x0000000000000025       0x26 kernel/systask.o
 .comment       0x0000000000000025       0x26 kernel/printf.o
 .comment       0x0000000000000025       0x26 kernel/vsprintf.o
 .comment       0x0000000000000025       0x26 lib/klib.o
 .comment       0x0000000000000025       0x26 lib/misc.o

.debug
 *(.debug)

.line
 *(.line)

.debug_srcinfo
 *(.debug_srcinfo)

.debug_sfnames
 *(.debug_sfnames)

.debug_aranges
 *(.debug_aranges)

.debug_pubnames
 *(.debug_pubnames)

.debug_info
 *(.debug_info .gnu.linkonce.wi.*)

.debug_abbrev
 *(.debug_abbrev)

.debug_line
 *(.debug_line .debug_line.* .debug_line_end)

.debug_frame
 *(.debug_frame)

.debug_str
 *(.debug_str)

.debug_loc
 *(.debug_loc)

.debug_macinfo
 *(.debug_macinfo)

.debug_weaknames
 *(.debug_weaknames)

.debug_funcnames
 *(.debug_funcnames)

.debug_typenames
 *(.debug_typenames)

.debug_varnames
 *(.debug_varnames)

.debug_pubtypes
 *(.debug_pubtypes)

.debug_ranges
 *(.debug_ranges)

.debug_macro
 *(.debug_macro)

.gnu.attributes
 *(.gnu.attributes)

/DISCARD/
 *(.note.GNU-stack)
 *(.gnu_debuglink)
 *(.gnu.lto_*)
OUTPUT(kernel.bin elf32-i386)
